data/breakfast-at-the-frat/subsets/incomplete/1111038080-12011-incomplete.csv
"WEEK_END_DATE","STORE_NUM","UPC","UNITS","VISITS","HHS","SPEND","PRICE","BASE_PRICE","FEATURE","DISPLAY","TPR_ONLY","WEEK_END_DATE_2","YEAR","MONTH","DAY_OF_MONTH","ABS_DISCOUNT","REL_DISCOUNT"
"14-01-2009",12011,1111038080,1,1,1,2.59,2.59,2.59,0,0,0,2009-01-14,2009,1,14,0,0
"21-01-2009",12011,1111038080,8,6,6,7.92,0.99,2.59,1,0,0,2009-01-21,2009,1,21,-1.6,-0.617760617760618
"28-01-2009",12011,1111038080,5,5,5,4.9,0.98,2.59,0,0,1,2009-01-28,2009,1,28,-1.61,-0.621621621621622
"04-02-2009",12011,1111038080,8,8,8,7.92,0.99,2.59,0,0,1,2009-02-04,2009,2,4,-1.6,-0.617760617760618
"11-02-2009",12011,1111038080,2,2,2,1.9,0.95,2.59,0,0,1,2009-02-11,2009,2,11,-1.64,-0.633204633204633
"18-02-2009",12011,1111038080,2,2,2,5.38,2.69,2.69,0,0,0,2009-02-18,2009,2,18,0,0
"25-02-2009",12011,1111038080,1,1,1,2.69,2.69,2.69,0,0,0,2009-02-25,2009,2,25,0,0
"04-03-2009",12011,1111038080,4,4,4,10.76,2.69,2.69,0,0,0,2009-03-04,2009,3,4,0,0
"18-03-2009",12011,1111038080,2,2,2,5.12,2.56,2.56,0,0,0,2009-03-18,2009,3,18,0,0
"01-04-2009",12011,1111038080,2,2,2,5.12,2.56,2.56,0,0,0,2009-04-01,2009,4,1,0,0
"08-04-2009",12011,1111038080,6,6,5,15.36,2.56,2.56,0,0,0,2009-04-08,2009,4,8,0,0
"22-04-2009",12011,1111038080,6,5,5,3.96,0.66,2.56,1,0,0,2009-04-22,2009,4,22,-1.9,-0.7421875
"29-04-2009",12011,1111038080,3,3,3,4.56,1.52,2.56,0,0,1,2009-04-29,2009,4,29,-1.04,-0.40625
"06-05-2009",12011,1111038080,4,3,3,3.56,0.89,2.56,0,0,1,2009-05-06,2009,5,6,-1.67,-0.65234375
"13-05-2009",12011,1111038080,3,3,3,2.88,0.96,2.56,0,0,1,2009-05-13,2009,5,13,-1.6,-0.625
"20-05-2009",12011,1111038080,2,2,2,5.38,2.69,2.69,0,0,0,2009-05-20,2009,5,20,0,0
"10-06-2009",12011,1111038080,2,2,2,5.12,2.56,2.56,0,0,0,2009-06-10,2009,6,10,0,0
"17-06-2009",12011,1111038080,3,3,3,6.12,2.04,2.56,0,0,1,2009-06-17,2009,6,17,-0.52,-0.203125
"24-06-2009",12011,1111038080,9,8,8,8.46,0.94,2.56,1,1,0,2009-06-24,2009,6,24,-1.62,-0.6328125
"01-07-2009",12011,1111038080,11,9,8,10.56,0.96,2.56,0,1,0,2009-07-01,2009,7,1,-1.6,-0.625
"08-07-2009",12011,1111038080,2,2,2,1.9,0.95,2.56,0,1,0,2009-07-08,2009,7,8,-1.61,-0.62890625
"15-07-2009",12011,1111038080,1,1,1,1,1,2.56,0,1,0,2009-07-15,2009,7,15,-1.56,-0.609375
"29-07-2009",12011,1111038080,2,2,2,3.16,1.58,2.56,0,1,0,2009-07-29,2009,7,29,-0.98,-0.3828125
"05-08-2009",12011,1111038080,4,4,4,6.16,1.54,2.56,0,1,0,2009-08-05,2009,8,5,-1.02,-0.3984375
"12-08-2009",12011,1111038080,1,1,1,1.42,1.42,2.56,0,1,0,2009-08-12,2009,8,12,-1.14,-0.4453125
"26-08-2009",12011,1111038080,2,2,2,3.16,1.58,2.56,1,0,0,2009-08-26,2009,8,26,-0.98,-0.3828125
"02-09-2009",12011,1111038080,5,5,5,7.75,1.55,2.56,1,1,0,2009-09-02,2009,9,2,-1.01,-0.39453125
"09-09-2009",12011,1111038080,3,3,3,4.26,1.42,2.56,0,0,1,2009-09-09,2009,9,9,-1.14,-0.4453125
"16-09-2009",12011,1111038080,1,1,1,1.58,1.58,2.56,0,0,1,2009-09-16,2009,9,16,-0.98,-0.3828125
"23-09-2009",12011,1111038080,3,3,3,4.41,1.47,2.56,0,0,1,2009-09-23,2009,9,23,-1.09,-0.42578125
"30-09-2009",12011,1111038080,2,2,2,3,1.5,2.56,0,0,1,2009-09-30,2009,9,30,-1.06,-0.4140625
"07-10-2009",12011,1111038080,1,1,1,1.58,1.58,2.56,0,0,1,2009-10-07,2009,10,7,-0.98,-0.3828125
"14-10-2009",12011,1111038080,3,3,3,4.74,1.58,1.58,0,0,0,2009-10-14,2009,10,14,0,0
"21-10-2009",12011,1111038080,24,18,18,22.8,0.95,1.58,1,0,0,2009-10-21,2009,10,21,-0.63,-0.39873417721519
"28-10-2009",12011,1111038080,24,14,14,23.28,0.97,1.58,1,0,0,2009-10-28,2009,10,28,-0.61,-0.386075949367089
"04-11-2009",12011,1111038080,1,1,1,1.42,1.42,1.58,0,0,1,2009-11-04,2009,11,4,-0.16,-0.10126582278481
"11-11-2009",12011,1111038080,3,3,3,4.74,1.58,1.58,0,0,0,2009-11-11,2009,11,11,0,0
"18-11-2009",12011,1111038080,2,2,2,3.16,1.58,1.58,0,0,0,2009-11-18,2009,11,18,0,0
"25-11-2009",12011,1111038080,1,1,1,1.58,1.58,1.58,0,0,0,2009-11-25,2009,11,25,0,0
"02-12-2009",12011,1111038080,1,1,1,1,1,1.58,0,0,1,2009-12-02,2009,12,2,-0.58,-0.367088607594937
"09-12-2009",12011,1111038080,7,6,6,6.58,0.94,1.58,0,0,1,2009-12-09,2009,12,9,-0.64,-0.405063291139241
"16-12-2009",12011,1111038080,2,2,2,1.9,0.95,1.58,0,0,1,2009-12-16,2009,12,16,-0.63,-0.39873417721519
"23-12-2009",12011,1111038080,3,2,2,3,1,1.58,0,0,1,2009-12-23,2009,12,23,-0.58,-0.367088607594937
"30-12-2009",12011,1111038080,3,3,3,2.79,0.93,1.58,0,0,1,2009-12-30,2009,12,30,-0.65,-0.411392405063291
"06-01-2010",12011,1111038080,1,1,1,0.9,0.9,1.58,0,0,1,2010-01-06,2010,1,6,-0.68,-0.430379746835443
"13-01-2010",12011,1111038080,2,2,2,3,1.5,1.5,0,0,0,2010-01-13,2010,1,13,0,0
"20-01-2010",12011,1111038080,1,1,1,1.58,1.58,1.58,0,0,0,2010-01-20,2010,1,20,0,0
"27-01-2010",12011,1111038080,4,4,4,6,1.5,1.5,0,0,0,2010-01-27,2010,1,27,0,0
"03-02-2010",12011,1111038080,1,1,1,1.58,1.58,1.58,0,0,0,2010-02-03,2010,2,3,0,0
"17-02-2010",12011,1111038080,4,4,4,6,1.5,1.5,0,0,0,2010-02-17,2010,2,17,0,0
"24-02-2010",12011,1111038080,2,1,1,2.84,1.42,1.42,0,0,0,2010-02-24,2010,2,24,0,0
"03-03-2010",12011,1111038080,2,2,2,3.16,1.58,1.58,0,0,0,2010-03-03,2010,3,3,0,0
"10-03-2010",12011,1111038080,3,3,3,4.59,1.53,1.53,0,0,0,2010-03-10,2010,3,10,0,0
"17-03-2010",12011,1111038080,2,2,2,3.02,1.51,1.51,0,0,0,2010-03-17,2010,3,17,0,0
"24-03-2010",12011,1111038080,4,4,4,6.16,1.54,1.54,0,0,0,2010-03-24,2010,3,24,0,0
"31-03-2010",12011,1111038080,2,2,2,3.16,1.58,1.58,0,0,0,2010-03-31,2010,3,31,0,0
"07-04-2010",12011,1111038080,5,5,5,7.75,1.55,1.55,0,0,0,2010-04-07,2010,4,7,0,0
"14-04-2010",12011,1111038080,2,2,2,3.16,1.58,1.58,0,0,0,2010-04-14,2010,4,14,0,0
"21-04-2010",12011,1111038080,6,6,6,9.36,1.56,1.56,0,0,0,2010-04-21,2010,4,21,0,0
"28-04-2010",12011,1111038080,8,8,8,7.92,0.99,1.56,1,0,0,2010-04-28,2010,4,28,-0.57,-0.365384615384615
"05-05-2010",12011,1111038080,11,9,8,10.12,0.92,1.56,1,0,0,2010-05-05,2010,5,5,-0.64,-0.41025641025641
"12-05-2010",12011,1111038080,6,5,5,5.82,0.97,1.56,0,0,1,2010-05-12,2010,5,12,-0.59,-0.378205128205128
"19-05-2010",12011,1111038080,1,1,1,1,1,1.56,0,0,1,2010-05-19,2010,5,19,-0.56,-0.358974358974359
"02-06-2010",12011,1111038080,2,2,2,3,1.5,1.5,0,0,0,2010-06-02,2010,6,2,0,0
"09-06-2010",12011,1111038080,2,2,2,3.16,1.58,1.58,0,0,0,2010-06-09,2010,6,9,0,0
"16-06-2010",12011,1111038080,1,1,1,1.58,1.58,1.58,0,0,0,2010-06-16,2010,6,16,0,0
"23-06-2010",12011,1111038080,1,1,1,1.42,1.42,1.58,0,0,1,2010-06-23,2010,6,23,-0.16,-0.10126582278481
"30-06-2010",12011,1111038080,4,4,4,3.72,0.93,1.58,0,0,1,2010-06-30,2010,6,30,-0.65,-0.411392405063291
"07-07-2010",12011,1111038080,5,5,5,4.75,0.95,1.58,0,0,1,2010-07-07,2010,7,7,-0.63,-0.39873417721519
"14-07-2010",12011,1111038080,8,6,6,7.84,0.98,1.58,0,0,1,2010-07-14,2010,7,14,-0.6,-0.379746835443038
"21-07-2010",12011,1111038080,9,9,9,8.64,0.96,1.58,0,0,1,2010-07-21,2010,7,21,-0.62,-0.392405063291139
"04-08-2010",12011,1111038080,2,2,2,3.16,1.58,1.58,0,0,0,2010-08-04,2010,8,4,0,0
"11-08-2010",12011,1111038080,5,5,5,7.6,1.52,1.52,0,0,0,2010-08-11,2010,8,11,0,0
"18-08-2010",12011,1111038080,4,4,4,6.16,1.54,1.54,0,0,0,2010-08-18,2010,8,18,0,0
"25-08-2010",12011,1111038080,5,4,4,4.7,0.94,1.54,1,0,0,2010-08-25,2010,8,25,-0.6,-0.38961038961039
"01-09-2010",12011,1111038080,3,3,3,2.79,0.93,1.54,0,0,1,2010-09-01,2010,9,1,-0.61,-0.396103896103896
"08-09-2010",12011,1111038080,3,3,3,2.91,0.97,1.54,0,0,1,2010-09-08,2010,9,8,-0.57,-0.37012987012987
"15-09-2010",12011,1111038080,7,6,6,6.72,0.96,1.54,0,0,1,2010-09-15,2010,9,15,-0.58,-0.376623376623377
"22-09-2010",12011,1111038080,5,5,5,4.8,0.96,1.54,0,0,1,2010-09-22,2010,9,22,-0.58,-0.376623376623377
"29-09-2010",12011,1111038080,4,4,3,6.32,1.58,1.58,0,0,0,2010-09-29,2010,9,29,0,0
"06-10-2010",12011,1111038080,4,4,4,6.32,1.58,1.58,0,0,0,2010-10-06,2010,10,6,0,0
"13-10-2010",12011,1111038080,3,2,2,4.41,1.47,1.47,0,0,0,2010-10-13,2010,10,13,0,0
"20-10-2010",12011,1111038080,2,2,2,3,1.5,1.5,0,0,0,2010-10-20,2010,10,20,0,0
"27-10-2010",12011,1111038080,3,3,3,4.41,1.47,1.47,0,0,0,2010-10-27,2010,10,27,0,0
"03-11-2010",12011,1111038080,2,2,2,3,1.5,1.5,0,0,0,2010-11-03,2010,11,3,0,0
"17-11-2010",12011,1111038080,1,1,1,1.58,1.58,1.58,0,0,0,2010-11-17,2010,11,17,0,0
"24-11-2010",12011,1111038080,1,1,1,1.58,1.58,1.58,0,0,0,2010-11-24,2010,11,24,0,0
"01-12-2010",12011,1111038080,2,2,2,2.32,1.16,1.58,0,0,1,2010-12-01,2010,12,1,-0.42,-0.265822784810127
"08-12-2010",12011,1111038080,3,3,3,2.91,0.97,1.58,0,0,1,2010-12-08,2010,12,8,-0.61,-0.386075949367089
"15-12-2010",12011,1111038080,5,4,4,4.8,0.96,1.58,0,0,1,2010-12-15,2010,12,15,-0.62,-0.392405063291139
"22-12-2010",12011,1111038080,1,1,1,1,1,1.58,0,0,1,2010-12-22,2010,12,22,-0.58,-0.367088607594937
"29-12-2010",12011,1111038080,2,2,2,2,1,1.58,0,0,1,2010-12-29,2010,12,29,-0.58,-0.367088607594937
"05-01-2011",12011,1111038080,1,1,1,0.98,0.98,1.58,0,0,1,2011-01-05,2011,1,5,-0.6,-0.379746835443038
"12-01-2011",12011,1111038080,2,2,2,1.8,0.9,0.9,0,0,0,2011-01-12,2011,1,12,0,0
"19-01-2011",12011,1111038080,2,2,2,2.94,1.47,1.47,0,0,0,2011-01-19,2011,1,19,0,0
"02-02-2011",12011,1111038080,4,3,3,6,1.5,1.5,0,0,0,2011-02-02,2011,2,2,0,0
"09-02-2011",12011,1111038080,3,3,3,4.59,1.53,1.53,0,0,0,2011-02-09,2011,2,9,0,0
"16-02-2011",12011,1111038080,2,2,2,2.84,1.42,1.42,0,0,0,2011-02-16,2011,2,16,0,0
"23-02-2011",12011,1111038080,4,4,4,6.16,1.54,1.54,0,0,0,2011-02-23,2011,2,23,0,0
"02-03-2011",12011,1111038080,3,3,3,4.74,1.58,1.58,0,0,0,2011-03-02,2011,3,2,0,0
"09-03-2011",12011,1111038080,7,7,7,10.71,1.53,1.53,0,0,0,2011-03-09,2011,3,9,0,0
"23-03-2011",12011,1111038080,3,3,3,4.59,1.53,1.53,0,0,0,2011-03-23,2011,3,23,0,0
"06-04-2011",12011,1111038080,3,3,3,4.59,1.53,1.53,0,0,0,2011-04-06,2011,4,6,0,0
"13-04-2011",12011,1111038080,4,4,4,6.16,1.54,1.54,0,0,0,2011-04-13,2011,4,13,0,0
"20-04-2011",12011,1111038080,1,1,1,1.42,1.42,1.42,0,0,0,2011-04-20,2011,4,20,0,0
"27-04-2011",12011,1111038080,2,5,4,3.16,1.58,1.58,0,0,0,2011-04-27,2011,4,27,0,0
"04-05-2011",12011,1111038080,25,11,11,23.5,0.94,1.58,1,0,0,2011-05-04,2011,5,4,-0.64,-0.405063291139241
"11-05-2011",12011,1111038080,7,6,5,6.72,0.96,1.58,0,0,1,2011-05-11,2011,5,11,-0.62,-0.392405063291139
"18-05-2011",12011,1111038080,5,4,4,4.7,0.94,1.58,0,0,1,2011-05-18,2011,5,18,-0.64,-0.405063291139241
"25-05-2011",12011,1111038080,7,6,6,6.72,0.96,1.58,0,0,1,2011-05-25,2011,5,25,-0.62,-0.392405063291139
"01-06-2011",12011,1111038080,4,4,4,6,1.5,1.5,0,0,0,2011-06-01,2011,6,1,0,0
"08-06-2011",12011,1111038080,1,1,1,1.58,1.58,1.58,0,0,0,2011-06-08,2011,6,8,0,0
"15-06-2011",12011,1111038080,1,1,1,1.58,1.58,1.58,0,0,0,2011-06-15,2011,6,15,0,0
"22-06-2011",12011,1111038080,1,1,1,1.5,1.5,1.5,0,0,0,2011-06-22,2011,6,22,0,0
"29-06-2011",12011,1111038080,3,3,3,4.41,1.47,1.47,0,0,0,2011-06-29,2011,6,29,0,0
"13-07-2011",12011,1111038080,2,2,2,3,1.5,1.5,0,0,0,2011-07-13,2011,7,13,0,0
"20-07-2011",12011,1111038080,1,1,1,1.58,1.58,1.58,0,0,0,2011-07-20,2011,7,20,0,0
"27-07-2011",12011,1111038080,2,2,2,3,1.5,1.5,0,0,0,2011-07-27,2011,7,27,0,0
"03-08-2011",12011,1111038080,10,8,8,9.7,0.97,1.5,1,0,0,2011-08-03,2011,8,3,-0.53,-0.353333333333333
"10-08-2011",12011,1111038080,4,3,3,3.92,0.98,1.5,0,0,1,2011-08-10,2011,8,10,-0.52,-0.346666666666667
"17-08-2011",12011,1111038080,2,2,2,1.9,0.95,1.5,0,0,1,2011-08-17,2011,8,17,-0.55,-0.366666666666667
"24-08-2011",12011,1111038080,7,7,7,7.07,1.01,1.5,0,0,1,2011-08-24,2011,8,24,-0.49,-0.326666666666667
"31-08-2011",12011,1111038080,8,6,6,7.6,0.95,1.5,0,0,1,2011-08-31,2011,8,31,-0.55,-0.366666666666667
"07-09-2011",12011,1111038080,5,4,4,4.6,0.92,1.5,0,0,1,2011-09-07,2011,9,7,-0.58,-0.386666666666667
"14-09-2011",12011,1111038080,8,8,8,8.16,1.02,1.5,0,0,1,2011-09-14,2011,9,14,-0.48,-0.32
"21-09-2011",12011,1111038080,5,5,4,7.25,1.45,1.45,0,0,0,2011-09-21,2011,9,21,0,0
"05-10-2011",12011,1111038080,3,3,3,4.74,1.58,1.58,0,0,0,2011-10-05,2011,10,5,0,0
"12-10-2011",12011,1111038080,4,4,4,6.16,1.54,1.54,0,0,0,2011-10-12,2011,10,12,0,0
"26-10-2011",12011,1111038080,6,5,5,6.6,1.1,1.54,0,0,1,2011-10-26,2011,10,26,-0.44,-0.285714285714286
"02-11-2011",12011,1111038080,5,3,3,5.4,1.08,1.54,0,0,1,2011-11-02,2011,11,2,-0.46,-0.298701298701299
"09-11-2011",12011,1111038080,3,2,2,2.85,0.95,1.54,0,0,1,2011-11-09,2011,11,9,-0.59,-0.383116883116883
"16-11-2011",12011,1111038080,4,3,3,3.76,0.94,1.54,0,0,1,2011-11-16,2011,11,16,-0.6,-0.38961038961039
"23-11-2011",12011,1111038080,3,3,3,2.88,0.96,1.54,0,0,1,2011-11-23,2011,11,23,-0.58,-0.376623376623377
"30-11-2011",12011,1111038080,1,1,1,0.9,0.9,1.54,0,0,1,2011-11-30,2011,11,30,-0.64,-0.415584415584416
"07-12-2011",12011,1111038080,3,3,3,2.91,0.97,0.97,0,0,0,2011-12-07,2011,12,7,0,0
"14-12-2011",12011,1111038080,1,1,1,1.42,1.42,1.42,0,0,0,2011-12-14,2011,12,14,0,0
"21-12-2011",12011,1111038080,2,2,2,3.16,1.58,1.58,0,0,0,2011-12-21,2011,12,21,0,0
"04-01-2012",12011,1111038080,2,2,2,3,1.5,1.5,0,0,0,2012-01-04,2012,1,4,0,0
